---
title:  Linux磁盘检测，分区与挂载
author: Spaceack
date: 2019-09-23 21:00:00
update:  2019-09-23 21:00:00
categories: ["Linux"]
tags: 
  - fdisk
  - lsblk
  - mount
---

* 新增1T磁盘一块

0. 使用`df -h`查看当前硬盘信息（并未出现要挂在的磁盘）
```
文件系统        容量  已用  可用 已用% 挂载点
/dev/vda1        50G  5.0G   42G   11% /
devtmpfs        1.9G     0  1.9G    0% /dev
tmpfs           1.9G     0  1.9G    0% /dev/shm
tmpfs           1.9G  208M  1.7G   11% /run
tmpfs           1.9G     0  1.9G    0% /sys/fs/cgroup
tmpfs           383M     0  383M    0% /run/user/0
```

1. 使用命令`fdisk -l`查看所有磁盘信息（包括未挂载磁盘）
```bash
磁盘 /dev/vda：53.7 GB, 53687091200 字节，104857600 个扇区
Units = 扇区 of 1 * 512 = 512 bytes
扇区大小(逻辑/物理)：512 字节 / 512 字节
I/O 大小(最小/最佳)：512 字节 / 512 字节
磁盘标签类型：dos
磁盘标识符：0x000c4895
   设备 Boot      Start         End      Blocks   Id  System
/dev/vda1   *        2048   104857599    52427776   83  Linux

磁盘 /dev/vdb：1099.5 GB, 1099511627776 字节，2147483648 个扇区
Units = 扇区 of 1 * 512 = 512 bytes
扇区大小(逻辑/物理)：512 字节 / 512 字节
I/O 大小(最小/最佳)：512 字节 / 512 字节
```
磁盘 **/dev/vdb** 为需要挂载的磁盘。
2. 通过`lsblk`查看
```
NAME   MAJ:MIN RM SIZE RO TYPE MOUNTPOINT
vda    253:0    0  50G  0 disk 
└─vda1 253:1    0  50G  0 part /
vdb    253:16   0   1T  0 disk 
```
3. 使用`fdisk`工具分区（当硬盘小于等于2T时，用fdisk，大于2T时，用parted）
键入：`fdisk /dev/vdb`出现欢迎信息
然后键入`n`新建分区
```
欢迎使用 fdisk (util-linux 2.23.2)。

更改将停留在内存中，直到您决定将更改写入磁盘。
使用写入命令前请三思。

Device does not contain a recognized partition table
使用磁盘标识符 0x3561697b 创建新的 DOS 磁盘标签。

命令(输入 m 获取帮助)：n
Partition type:
   p   primary (0 primary, 0 extended, 4 free)
   e   extended
```
`p`建立主分区， `e`建立扩展分区
我们建立主分区，分区号，起始及结束扇区选择默认值：
```
Select (default p): p
分区号 (1-4，默认 1)：1
起始 扇区 (2048-2147483647，默认为 2048)：
将使用默认值 2048
Last 扇区, +扇区 or +size{K,M,G} (2048-2147483647，默认为 2147483647)：
将使用默认值 2147483647
分区 1 已设置为 Linux 类型，大小设为 1024 GiB
```
键入`w`写入分区并退出
```
命令(输入 m 获取帮助)：w
The partition table has been altered!

Calling ioctl() to re-read partition table.
正在同步磁盘。
```
4. 再次使用`lsblk`查看
```
[root@main ~]# partprobe /dev/vdb
[root@main ~]# lsblk
NAME   MAJ:MIN RM  SIZE RO TYPE MOUNTPOINT
vda    253:0    0   50G  0 disk 
└─vda1 253:1    0   50G  0 part /
vdb    253:16   0    1T  0 disk 
└─vdb1 253:17   0 1024G  0 part 
```
5. 格式化为ext4文件系统
`mkfs.ext4 /dev/vdb1`
```
mke2fs 1.42.9 (28-Dec-2013)
文件系统标签=
OS type: Linux
块大小=4096 (log=2)
分块大小=4096 (log=2)
Stride=0 blocks, Stripe width=0 blocks
67108864 inodes, 268435200 blocks
13421760 blocks (5.00%) reserved for the super user
第一个数据块=0
Maximum filesystem blocks=2415919104
8192 block groups
32768 blocks per group, 32768 fragments per group
8192 inodes per group
Superblock backups stored on blocks: 
	32768, 98304, 163840, 229376, 294912, 819200, 884736, 1605632, 2654208, 
	4096000, 7962624, 11239424, 20480000, 23887872, 71663616, 78675968, 
	102400000, 214990848

Allocating group tables: 完成
正在写入inode表: 完成
Creating journal (32768 blocks): 完成
Writing superblocks and filesystem accounting information: 完成
```
6. 使用`mount`临时挂载磁盘至**/mnt**目录
`mount /dev/vdb1  /mnt`
7. `vim /etc/fstab`更改配置文件永久挂载
追加
`/dev/vdb1 /data ext4 defaults 0 0`
8. 使用 `mount -a` 判断加载是否正确


参考教程 [
Linux检查未挂载磁盘和为磁盘分区、挂载](https://blog.csdn.net/woailyoo0000/article/details/86485666)